
[7m[1m[36m RUN [39m[22m[27m [36mv1.6.1[39m [90mC:/Users/adamj/Desktop/Election-night-tracker[39m


node.exe : [31mΓÄ»ΓÄ»Γ
Ä»ΓÄ»ΓÄ»ΓÄ»[1m[7m 
Failed Suites 1 [27m[
22mΓÄ»ΓÄ»ΓÄ»ΓÄ»ΓÄ»ΓÄ»ΓÄ
»[39m
At line:1 char:1
+ & "C:\Program 
Files\nodejs/node.exe" 
"C:\Program 
Files\nodejs/node_mo 
...
+ ~~~~~~~~~~~~~~~~~~~~~
~~~~~~~~~~~~~~~~~~~~~~~
~~~~~~~~~~~~~~~~~~~~~~~
~~
    + CategoryInfo     
         : 
NotSpecified: ([31m   
 ΓÄ»ΓÄ»ΓÄ»Γ...»ΓÄ»ΓÄ»ΓÄ
»    [39m:String) [], 
Remot    eException
    + 
FullyQualifiedErrorId  
   : NativeCommandError
 

[31m[1m[7m FAIL 
[27m[22m[39m src/sto
re/gameStore.test.ts 
[2m[ src/store/gameSto
re.test.ts ][22m
[31m[1mError[22m: 
parsing C:/Users/adamj/
Desktop/Election-night-
tracker/tsconfig.node.j
son failed: Error: 
ENOENT: no such file 
or directory, open 'C:\
Users\adamj\Desktop\Ele
ction-night-tracker\tsc
onfig.node.json'[39m
[90m [2mΓ¥»[22m node
_modules/vite/dist/node
/chunks/dep-BK3b2jBa.js
:[2m18698:10[22m[39m

[31m[1mCaused by: 
Error[22m: ENOENT: no 
such file or 
directory, open 'C:\Use
rs\adamj\Desktop\Electi
on-night-tracker\tsconf
ig.node.json'[39m
[31m[2mΓÄ»ΓÄ»ΓÄ»ΓÄ»ΓÄ
»ΓÄ»ΓÄ»ΓÄ»ΓÄ»ΓÄ»ΓÄ»ΓÄ»Γ
Ä»ΓÄ»ΓÄ»ΓÄ»ΓÄ»ΓÄ»ΓÄ»ΓÄ»
ΓÄ»ΓÄ»ΓÄ»ΓÄ»[1/1]ΓÄ»[2
2m[39m

[2m Test Files [22m [1m[31m1 failed[39m[22m[90m (1)[39m
[2m      Tests [22m [2mno tests[22m
[2m   Start at [22m 08:02:09
[2m   Duration [22m 233ms[2m (transform 6ms, setup 0ms, collect 0ms, tests 0ms, environment 0ms, prepare 61ms)[22m

